[ROE] ADANIENT Mar 2024: computed=8.53 source=13.64 diff=5.11 category=version difference
[ROE] ADANIPOWER Mar 2024: computed=48.28 source=57.10 diff=8.82 category=version difference
[ROE] BAJAJFINSV Mar 2024: computed=25.85 source=11.72 diff=14.13 category=version difference
[ROE] BEL Mar 2024: computed=4744.05 source=26.30 diff=4717.75 category=formula discrepancy - near-zero equity base
[ROE] BPCL Mar 2024: computed=35.51 source=41.90 diff=6.39 category=version difference
[ROE] COALINDIA Mar 2024: computed=45.17 source=52.00 diff=6.83 category=version difference
[ROE] GODREJCP Mar 2024: computed=-4.45 source=6.77 diff=11.22 category=version difference
[ROE] HAL Mar 2024: computed=3816.58 source=28.90 diff=3787.68 category=formula discrepancy - near-zero equity base
[ROE] IRCTC Mar 2024: computed=34.40 source=40.40 diff=6.00 category=version difference
[ROE] LICI Mar 2024: computed=49.45 source=63.61 diff=14.16 category=version difference
[ROE] LT Mar 2024: computed=77.67 source=10.49 diff=67.18 category=version difference
[ROE] NESTLEIND Mar 2024: computed=117.75 source=135.61 diff=17.86 category=version difference
[ROE] PFC Mar 2024: computed=26.16 source=19.49 diff=6.67 category=version difference
[ROE] PNB Mar 2024: computed=61.32 source=8.70 diff=52.62 category=version difference
[ROE] TATAMOTORS Mar 2024: computed=37.46 source=49.40 diff=11.94 category=version difference
[ROE] TATASTEEL Mar 2024: computed=-5.33 source=6.55 diff=11.88 category=version difference
[ROE] TCS Mar 2024: computed=50.94 source=0.52 diff=50.42 category=data source issue
[ROE] TRENT Mar 2024: computed=36.31 source=27.20 diff=9.11 category=version difference
[ROCE] ABB Mar 2024: computed=36.54 source=46.00 diff=9.46 category=formula discrepancy
[ROCE] ADANIGREEN Mar 2024: computed=7.25 source=96.50 diff=89.25 category=formula discrepancy
[ROCE] ADANIPOWER Mar 2024: computed=18.39 source=32.20 diff=13.81 category=formula discrepancy
[ROCE] ASIANPAINT Mar 2024: computed=31.75 source=41.75 diff=10.00 category=formula discrepancy
[ROCE] BAJAJ-AUTO Mar 2024: computed=27.21 source=33.50 diff=6.29 category=formula discrepancy
[ROCE] BAJAJFINSV Mar 2024: computed=11.45 source=21.14 diff=9.69 category=formula discrepancy
[ROCE] BAJAJHLDNG Mar 2024: computed=2.81 source=13.10 diff=10.29 category=formula discrepancy
[ROCE] BAJFINANCE Mar 2024: computed=4.17 source=11.90 diff=7.73 category=formula discrepancy
[ROCE] BEL Mar 2024: computed=3628.35 source=34.60 diff=3593.75 category=formula discrepancy
[ROCE] BOSCHLTD Mar 2024: computed=13.76 source=20.60 diff=6.84 category=formula discrepancy
[ROCE] CHOLAFIN Mar 2024: computed=3.37 source=10.40 diff=7.03 category=formula discrepancy
[ROCE] CIPLA Mar 2024: computed=67.60 source=22.80 diff=44.80 category=formula discrepancy
[ROCE] COALINDIA Mar 2024: computed=98.17 source=63.60 diff=34.57 category=formula discrepancy
[ROCE] DRREDDY Mar 2024: computed=21.36 source=26.50 diff=5.14 category=formula discrepancy
[ROCE] EICHERMOT Mar 2024: computed=20.21 source=31.10 diff=10.89 category=formula discrepancy
[ROCE] GODREJCP Mar 2024: computed=17.17 source=26.49 diff=9.32 category=formula discrepancy
[ROCE] HAL Mar 2024: computed=2590.99 source=38.90 diff=2552.09 category=formula discrepancy
[ROCE] HDFCLIFE Mar 2024: computed=645.95 source=6.61 diff=639.34 category=formula discrepancy
[ROCE] HEROMOTOCO Mar 2024: computed=173.71 source=29.10 diff=144.61 category=formula discrepancy
[ROCE] HINDALCO Mar 2024: computed=113.58 source=11.30 diff=102.28 category=formula discrepancy
[ROCE] HINDUNILVR Mar 2024: computed=87.32 source=27.20 diff=60.12 category=formula discrepancy
[ROCE] ICICIGI Mar 2024: computed=145.23 source=22.50 diff=122.73 category=formula discrepancy
[ROCE] ICICIPRULI Mar 2024: computed=753.98 source=8.75 diff=745.23 category=formula discrepancy
[ROCE] INFY Mar 2024: computed=32.91 source=40.00 diff=7.09 category=formula discrepancy
[ROCE] IRCTC Mar 2024: computed=42.83 source=53.80 diff=10.97 category=formula discrepancy
[ROCE] LICI Mar 2024: computed=39.05 source=63.79 diff=24.74 category=formula discrepancy
[ROCE] LT Mar 2024: computed=118.53 source=17.18 diff=101.35 category=formula discrepancy
[ROCE] LTIM Mar 2024: computed=25.21 source=34.10 diff=8.89 category=formula discrepancy
[ROCE] M&M Mar 2024: computed=11.54 source=26.98 diff=15.44 category=formula discrepancy
[ROCE] MARUTI Mar 2024: computed=15.59 source=23.67 diff=8.08 category=formula discrepancy
[ROCE] NESTLEIND Mar 2024: computed=143.15 source=185.43 diff=42.28 category=formula discrepancy
[ROCE] PFC Mar 2024: computed=3.48 source=9.96 diff=6.48 category=formula discrepancy
[ROCE] SBILIFE Mar 2024: computed=1.14 source=13.20 diff=12.06 category=formula discrepancy
[ROCE] SHRIRAMFIN Mar 2024: computed=4.06 source=11.30 diff=7.24 category=formula discrepancy
[ROCE] SIEMENS Sep 2024: computed=17.74 source=25.60 diff=7.86 category=formula discrepancy
[ROCE] INDIGO Mar 2024: computed=4953.54 source=24.50 diff=4929.04 category=formula discrepancy